agents/stage-9-closer/CloserAgent.ts(33,61): error TS2339: Property 'stakeholders' does not exist on type '{ readonly portfolioAssets: "listings"; readonly projects: "projects"; readonly developers: "developers"; readonly mediaAssets: "mediaAssets"; readonly investmentStakeholders: "leads"; ... 11 more ...; readonly conciergeSelections: "concierge_selections"; }'.
agents/stage-9-closer/CloserAgent.ts(38,65): error TS2339: Property 'units' does not exist on type '{ readonly portfolioAssets: "listings"; readonly projects: "projects"; readonly developers: "developers"; readonly mediaAssets: "mediaAssets"; readonly investmentStakeholders: "leads"; ... 11 more ...; readonly conciergeSelections: "concierge_selections"; }'.
app/api/cron/sync-leads/route.ts(26,48): error TS2339: Property 'syncIncomingLeads' does not exist on type 'typeof PFIntegrationService'.
app/api/cron/sync-listings/route.ts(23,48): error TS2339: Property 'syncIncomingListings' does not exist on type 'typeof PFIntegrationService'.
app/api/leads/route.ts(13,58): error TS2339: Property 'stakeholders' does not exist on type '{ readonly portfolioAssets: "listings"; readonly projects: "projects"; readonly developers: "developers"; readonly mediaAssets: "mediaAssets"; readonly investmentStakeholders: "leads"; ... 11 more ...; readonly conciergeSelections: "concierge_selections"; }'.
app/api/listings/route.ts(11,56): error TS2339: Property 'units' does not exist on type '{ readonly portfolioAssets: "listings"; readonly projects: "projects"; readonly developers: "developers"; readonly mediaAssets: "mediaAssets"; readonly investmentStakeholders: "leads"; ... 11 more ...; readonly conciergeSelections: "concierge_selections"; }'.
app/api/listings/route.ts(35,48): error TS2339: Property 'units' does not exist on type '{ readonly portfolioAssets: "listings"; readonly projects: "projects"; readonly developers: "developers"; readonly mediaAssets: "mediaAssets"; readonly investmentStakeholders: "leads"; ... 11 more ...; readonly conciergeSelections: "concierge_selections"; }'.
app/api/matching/route.ts(19,57): error TS2339: Property 'stakeholders' does not exist on type '{ readonly portfolioAssets: "listings"; readonly projects: "projects"; readonly developers: "developers"; readonly mediaAssets: "mediaAssets"; readonly investmentStakeholders: "leads"; ... 11 more ...; readonly conciergeSelections: "concierge_selections"; }'.
app/api/property-finder/route.ts(14,39): error TS2339: Property 'searchPortfolioAssets' does not exist on type 'PropertyFinderClient'.
app/api/property-finder/route.ts(59,39): error TS2339: Property 'createPortfolioAsset' does not exist on type 'PropertyFinderClient'.
app/api/property-finder/route.ts(64,24): error TS2339: Property 'publishPortfolioAsset' does not exist on type 'PropertyFinderClient'.
app/api/property-finder/route.ts(79,24): error TS2339: Property 'unpublishPortfolioAsset' does not exist on type 'PropertyFinderClient'.
app/api/property-finder/route.ts(103,35): error TS2339: Property 'updatePortfolioAsset' does not exist on type 'PropertyFinderClient'.
app/api/property-finder/route.ts(116,20): error TS2339: Property 'deletePortfolioAsset' does not exist on type 'PropertyFinderClient'.
app/api/seed/listings/route.ts(186,58): error TS2339: Property 'units' does not exist on type '{ readonly portfolioAssets: "listings"; readonly projects: "projects"; readonly developers: "developers"; readonly mediaAssets: "mediaAssets"; readonly investmentStakeholders: "leads"; ... 11 more ...; readonly conciergeSelections: "concierge_selections"; }'.
app/api/seed/test-data/route.ts(185,56): error TS2339: Property 'units' does not exist on type '{ readonly portfolioAssets: "listings"; readonly projects: "projects"; readonly developers: "developers"; readonly mediaAssets: "mediaAssets"; readonly investmentStakeholders: "leads"; ... 11 more ...; readonly conciergeSelections: "concierge_selections"; }'.
app/api/sync/route.ts(75,56): error TS2339: Property 'syncIncomingLeads' does not exist on type 'typeof PFIntegrationService'.
app/api/sync/route.ts(76,61): error TS2339: Property 'syncIncomingListings' does not exist on type 'typeof PFIntegrationService'.
app/api/sync/route.ts(86,56): error TS2339: Property 'syncIncomingLeads' does not exist on type 'typeof PFIntegrationService'.
app/api/sync/route.ts(91,59): error TS2339: Property 'syncIncomingListings' does not exist on type 'typeof PFIntegrationService'.
app/api/wealth/roi/route.ts(31,61): error TS2339: Property 'units' does not exist on type '{ readonly portfolioAssets: "listings"; readonly projects: "projects"; readonly developers: "developers"; readonly mediaAssets: "mediaAssets"; readonly investmentStakeholders: "leads"; ... 11 more ...; readonly conciergeSelections: "concierge_selections"; }'.
app/api/webhooks/property-finder/route.ts(58,63): error TS2339: Property 'stakeholders' does not exist on type '{ readonly portfolioAssets: "listings"; readonly projects: "projects"; readonly developers: "developers"; readonly mediaAssets: "mediaAssets"; readonly investmentStakeholders: "leads"; ... 11 more ...; readonly conciergeSelections: "concierge_selections"; }'.
app/api/webhooks/property-finder/route.ts(63,48): error TS2339: Property 'stakeholders' does not exist on type '{ readonly portfolioAssets: "listings"; readonly projects: "projects"; readonly developers: "developers"; readonly mediaAssets: "mediaAssets"; readonly investmentStakeholders: "leads"; ... 11 more ...; readonly conciergeSelections: "concierge_selections"; }'.
app/api/webhooks/property-finder/route.ts(93,60): error TS2339: Property 'units' does not exist on type '{ readonly portfolioAssets: "listings"; readonly projects: "projects"; readonly developers: "developers"; readonly mediaAssets: "mediaAssets"; readonly investmentStakeholders: "leads"; ... 11 more ...; readonly conciergeSelections: "concierge_selections"; }'.
app/landing/landing-page-v2.tsx(430,69): error TS2339: Property 'units' does not exist on type '{ readonly portfolioAssets: "listings"; readonly projects: "projects"; readonly developers: "developers"; readonly mediaAssets: "mediaAssets"; readonly investmentStakeholders: "leads"; ... 11 more ...; readonly conciergeSelections: "concierge_selections"; }'.
app/page.tsx(247,33): error TS2551: Property 'titleAr' does not exist on type '{ id: string; title: string; location: string; price: string; beds: number; baths: number; sqft: string; badge: string; badgeColor: string; img: string; videoUrl: string | undefined; }'. Did you mean 'title'?
app/page.tsx(248,36): error TS2551: Property 'locationAr' does not exist on type '{ id: string; title: string; location: string; price: string; beds: number; baths: number; sqft: string; badge: string; badgeColor: string; img: string; videoUrl: string | undefined; }'. Did you mean 'location'?
backend-integration/app/api/cron/sync-leads/route.ts(26,48): error TS2339: Property 'syncIncomingLeads' does not exist on type 'typeof PFIntegrationService'.
backend-integration/app/api/matching/route.ts(21,36): error TS2339: Property 'stakeholders' does not exist on type '{ readonly portfolioAssets: "listings"; readonly projects: "projects"; readonly developers: "developers"; readonly mediaAssets: "mediaAssets"; readonly investmentStakeholders: "leads"; ... 11 more ...; readonly conciergeSelections: "concierge_selections"; }'.
backend-integration/app/api/property-finder/route.ts(54,50): error TS2339: Property 'syncIncomingLeads' does not exist on type 'typeof PFIntegrationService'.
backend-integration/app/api/property-finder/route.ts(63,50): error TS2339: Property 'syncIncomingListings' does not exist on type 'typeof PFIntegrationService'.
backend-integration/app/api/wealth/roi/route.ts(32,57): error TS2339: Property 'units' does not exist on type '{ readonly portfolioAssets: "listings"; readonly projects: "projects"; readonly developers: "developers"; readonly mediaAssets: "mediaAssets"; readonly investmentStakeholders: "leads"; ... 11 more ...; readonly conciergeSelections: "concierge_selections"; }'.
backend-integration/lib/services/PFIntegrationService.ts(91,41): error TS2339: Property 'searchListings' does not exist on type 'PropertyFinderClient'.
backend-integration/lib/services/PFIntegrationService.ts(117,37): error TS7006: Parameter 'i' implicitly has an 'any' type.
backend-integration/lib/services/PFIntegrationService.ts(180,35): error TS2339: Property 'createListing' does not exist on type 'PropertyFinderClient'.
components/Admin/AdminDashboard.tsx(72,60): error TS2339: Property 'units' does not exist on type '{ readonly portfolioAssets: "listings"; readonly projects: "projects"; readonly developers: "developers"; readonly mediaAssets: "mediaAssets"; readonly investmentStakeholders: "leads"; ... 11 more ...; readonly conciergeSelections: "concierge_selections"; }'.
components/CRM/CRMKanban.tsx(171,6): error TS2552: Cannot find name 'motion'. Did you mean 'Option'?
components/CRM/CRMKanban.tsx(293,7): error TS2552: Cannot find name 'motion'. Did you mean 'Option'?
components/CRM/CRMKanban.tsx(576,39): error TS2345: Argument of type '{ created: any; updated: any; skipped: any; }' is not assignable to parameter of type 'string'.
components/CRM/CRMKanban.tsx(616,63): error TS2345: Argument of type '{ visible: number; total: number; }' is not assignable to parameter of type 'string'.
components/Dashboard/ReportsScreen.tsx(175,71): error TS2339: Property 'units' does not exist on type '{ readonly portfolioAssets: "listings"; readonly projects: "projects"; readonly developers: "developers"; readonly mediaAssets: "mediaAssets"; readonly investmentStakeholders: "leads"; ... 11 more ...; readonly conciergeSelections: "concierge_selections"; }'.
components/Dashboard/ReportsScreen.tsx(180,68): error TS2339: Property 'stakeholders' does not exist on type '{ readonly portfolioAssets: "listings"; readonly projects: "projects"; readonly developers: "developers"; readonly mediaAssets: "mediaAssets"; readonly investmentStakeholders: "leads"; ... 11 more ...; readonly conciergeSelections: "concierge_selections"; }'.
components/Landing/LightLandingScreen.tsx(68,52): error TS2339: Property 'units' does not exist on type '{ readonly portfolioAssets: "listings"; readonly projects: "projects"; readonly developers: "developers"; readonly mediaAssets: "mediaAssets"; readonly investmentStakeholders: "leads"; ... 11 more ...; readonly conciergeSelections: "concierge_selections"; }'.
components/Operations/EasyListing.tsx(128,48): error TS2339: Property 'units' does not exist on type '{ readonly portfolioAssets: "listings"; readonly projects: "projects"; readonly developers: "developers"; readonly mediaAssets: "mediaAssets"; readonly investmentStakeholders: "leads"; ... 11 more ...; readonly conciergeSelections: "concierge_selections"; }'.
components/Operations/EasyListing.tsx(276,47): error TS2339: Property 'units' does not exist on type '{ readonly portfolioAssets: "listings"; readonly projects: "projects"; readonly developers: "developers"; readonly mediaAssets: "mediaAssets"; readonly investmentStakeholders: "leads"; ... 11 more ...; readonly conciergeSelections: "concierge_selections"; }'.
components/Operations/EasyListing.tsx(411,43): error TS2339: Property 'units' does not exist on type '{ readonly portfolioAssets: "listings"; readonly projects: "projects"; readonly developers: "developers"; readonly mediaAssets: "mediaAssets"; readonly investmentStakeholders: "leads"; ... 11 more ...; readonly conciergeSelections: "concierge_selections"; }'.
components/Operations/FeedbackPortal.tsx(17,34): error TS2339: Property 'stakeholders' does not exist on type '{ readonly portfolioAssets: "listings"; readonly projects: "projects"; readonly developers: "developers"; readonly mediaAssets: "mediaAssets"; readonly investmentStakeholders: "leads"; ... 11 more ...; readonly conciergeSelections: "concierge_selections"; }'.
components/Operations/ImageLinkHub.tsx(184,21): error TS17001: JSX elements cannot have multiple attributes with the same name.
components/Operations/StaleDataMonitor.tsx(23,34): error TS2339: Property 'units' does not exist on type '{ readonly portfolioAssets: "listings"; readonly projects: "projects"; readonly developers: "developers"; readonly mediaAssets: "mediaAssets"; readonly investmentStakeholders: "leads"; ... 11 more ...; readonly conciergeSelections: "concierge_selections"; }'.
components/Operations/StaleDataMonitor.tsx(43,43): error TS2339: Property 'units' does not exist on type '{ readonly portfolioAssets: "listings"; readonly projects: "projects"; readonly developers: "developers"; readonly mediaAssets: "mediaAssets"; readonly investmentStakeholders: "leads"; ... 11 more ...; readonly conciergeSelections: "concierge_selections"; }'.
components/Operations/StaleDataMonitor.tsx(56,43): error TS2339: Property 'units' does not exist on type '{ readonly portfolioAssets: "listings"; readonly projects: "projects"; readonly developers: "developers"; readonly mediaAssets: "mediaAssets"; readonly investmentStakeholders: "leads"; ... 11 more ...; readonly conciergeSelections: "concierge_selections"; }'.
components/UI/CinematicHero.tsx(130,15): error TS2322: Type '{ hidden: { pathLength: number; opacity: number; }; visible: { pathLength: number; opacity: number; transition: { duration: number; ease: string; delay: number; }; }; }' is not assignable to type 'Variants'.
  Property 'visible' is incompatible with index signature.
    Type '{ pathLength: number; opacity: number; transition: { duration: number; ease: string; delay: number; }; }' is not assignable to type 'Variant'.
      Type '{ pathLength: number; opacity: number; transition: { duration: number; ease: string; delay: number; }; }' is not assignable to type 'TargetAndTransition'.
        Type '{ pathLength: number; opacity: number; transition: { duration: number; ease: string; delay: number; }; }' is not assignable to type '{ transition?: Transition<any> | undefined; transitionEnd?: ResolvedValues$1 | undefined; }'.
          Types of property 'transition' are incompatible.
            Type '{ duration: number; ease: string; delay: number; }' is not assignable to type 'Transition<any> | undefined'.
              Type '{ duration: number; ease: string; delay: number; }' is not assignable to type 'TransitionWithValueOverrides<any>'.
                Type '{ duration: number; ease: string; delay: number; }' is not assignable to type 'ValueAnimationTransition<any>'.
                  Types of property 'ease' are incompatible.
                    Type 'string' is not assignable to type 'Easing | Easing[] | undefined'.
lib/agents/closer.ts(32,11): error TS2367: This comparison appears to be unintentional because the types '"projects" | "developers" | "mediaAssets" | "sales" | "activities" | "users" | "syncQueue" | "syncLog" | "vouchers" | "proposals" | "viewings" | "intelligence" | "brokerListings" | "conciergeSelections" | "portfolioAssets" | "investmentStakeholders" | "strategicPipeline"' and '"stakeholders"' have no overlap.
lib/hooks/useLeila.ts(133,51): error TS2339: Property 'stakeholders' does not exist on type '{ readonly portfolioAssets: "listings"; readonly projects: "projects"; readonly developers: "developers"; readonly mediaAssets: "mediaAssets"; readonly investmentStakeholders: "leads"; ... 11 more ...; readonly conciergeSelections: "concierge_selections"; }'.
lib/hooks/useSierra.ts(133,51): error TS2339: Property 'stakeholders' does not exist on type '{ readonly portfolioAssets: "listings"; readonly projects: "projects"; readonly developers: "developers"; readonly mediaAssets: "mediaAssets"; readonly investmentStakeholders: "leads"; ... 11 more ...; readonly conciergeSelections: "concierge_selections"; }'.
lib/I18nContext.tsx(19,50): error TS2719: Type '{ common: { appName: string; tagline: string; loading: string; save: string; cancel: string; delete: string; edit: string; add: string; search: string; filter: string; export: string; close: string; confirm: string; ... 8 more ...; settings: string; }; ... 17 more ...; clients: { ...; }; }' is not assignable to type '{ common: { appName: string; tagline: string; loading: string; save: string; cancel: string; delete: string; edit: string; add: string; search: string; filter: string; export: string; close: string; confirm: string; ... 8 more ...; settings: string; }; ... 17 more ...; clients: { ...; }; }'. Two different types with this name exist, but they are unrelated.
  Types of property '"dashboard"' are incompatible.
    Type '{ title: string; totalListings: string; activeLeads: string; pendingSales: string; revenue: string; recentActivity: string; marketInsights: string; performance: string; quickActions: string; ... 28 more ...; strategicIntel: string; }' is missing the following properties from type '{ title: string; totalListings: string; activeLeads: string; pendingSales: string; revenue: string; recentActivity: string; marketInsights: string; performance: string; quickActions: string; ... 31 more ...; strategicIntel: string; }': "institutionalIntelligence", "neuralLinkActive", "marketIntelligence"
lib/property-finder/types.ts(276,3): error TS2717: Subsequent property declarations must have the same type.  Property 'publicProfile' must be of type '{ id: number; name?: string | undefined; } | undefined', but here has type '{ id: number; } | undefined'.
lib/services/antigravity-agent.ts(91,53): error TS2339: Property 'stakeholders' does not exist on type '{ readonly portfolioAssets: "listings"; readonly projects: "projects"; readonly developers: "developers"; readonly mediaAssets: "mediaAssets"; readonly investmentStakeholders: "leads"; ... 11 more ...; readonly conciergeSelections: "concierge_selections"; }'.
lib/services/antigravity-agent.ts(103,60): error TS2339: Property 'stakeholders' does not exist on type '{ readonly portfolioAssets: "listings"; readonly projects: "projects"; readonly developers: "developers"; readonly mediaAssets: "mediaAssets"; readonly investmentStakeholders: "leads"; ... 11 more ...; readonly conciergeSelections: "concierge_selections"; }'.
lib/services/antigravity-agent.ts(121,53): error TS2339: Property 'stakeholders' does not exist on type '{ readonly portfolioAssets: "listings"; readonly projects: "projects"; readonly developers: "developers"; readonly mediaAssets: "mediaAssets"; readonly investmentStakeholders: "leads"; ... 11 more ...; readonly conciergeSelections: "concierge_selections"; }'.
lib/services/antigravity-agent.ts(168,53): error TS2339: Property 'units' does not exist on type '{ readonly portfolioAssets: "listings"; readonly projects: "projects"; readonly developers: "developers"; readonly mediaAssets: "mediaAssets"; readonly investmentStakeholders: "leads"; ... 11 more ...; readonly conciergeSelections: "concierge_selections"; }'.
lib/services/antigravity-agent.ts(220,53): error TS2339: Property 'stakeholders' does not exist on type '{ readonly portfolioAssets: "listings"; readonly projects: "projects"; readonly developers: "developers"; readonly mediaAssets: "mediaAssets"; readonly investmentStakeholders: "leads"; ... 11 more ...; readonly conciergeSelections: "concierge_selections"; }'.
lib/services/antigravity-agent.ts(230,55): error TS2339: Property 'stakeholders' does not exist on type '{ readonly portfolioAssets: "listings"; readonly projects: "projects"; readonly developers: "developers"; readonly mediaAssets: "mediaAssets"; readonly investmentStakeholders: "leads"; ... 11 more ...; readonly conciergeSelections: "concierge_selections"; }'.
lib/services/antigravity-agent.ts(254,50): error TS2339: Property 'stakeholders' does not exist on type '{ readonly portfolioAssets: "listings"; readonly projects: "projects"; readonly developers: "developers"; readonly mediaAssets: "mediaAssets"; readonly investmentStakeholders: "leads"; ... 11 more ...; readonly conciergeSelections: "concierge_selections"; }'.
lib/services/closing-engine.ts(25,50): error TS2339: Property 'units' does not exist on type '{ readonly portfolioAssets: "listings"; readonly projects: "projects"; readonly developers: "developers"; readonly mediaAssets: "mediaAssets"; readonly investmentStakeholders: "leads"; ... 11 more ...; readonly conciergeSelections: "concierge_selections"; }'.
lib/services/closing-engine.ts(51,40): error TS2339: Property 'units' does not exist on type '{ readonly portfolioAssets: "listings"; readonly projects: "projects"; readonly developers: "developers"; readonly mediaAssets: "mediaAssets"; readonly investmentStakeholders: "leads"; ... 11 more ...; readonly conciergeSelections: "concierge_selections"; }'.
lib/services/closing-engine.ts(57,40): error TS2339: Property 'stakeholders' does not exist on type '{ readonly portfolioAssets: "listings"; readonly projects: "projects"; readonly developers: "developers"; readonly mediaAssets: "mediaAssets"; readonly investmentStakeholders: "leads"; ... 11 more ...; readonly conciergeSelections: "concierge_selections"; }'.
lib/services/closing-engine.ts(82,40): error TS2339: Property 'units' does not exist on type '{ readonly portfolioAssets: "listings"; readonly projects: "projects"; readonly developers: "developers"; readonly mediaAssets: "mediaAssets"; readonly investmentStakeholders: "leads"; ... 11 more ...; readonly conciergeSelections: "concierge_selections"; }'.
lib/services/closing-engine.ts(98,57): error TS2339: Property 'stakeholders' does not exist on type '{ readonly portfolioAssets: "listings"; readonly projects: "projects"; readonly developers: "developers"; readonly mediaAssets: "mediaAssets"; readonly investmentStakeholders: "leads"; ... 11 more ...; readonly conciergeSelections: "concierge_selections"; }'.
lib/services/closing-engine.ts(99,57): error TS2339: Property 'units' does not exist on type '{ readonly portfolioAssets: "listings"; readonly projects: "projects"; readonly developers: "developers"; readonly mediaAssets: "mediaAssets"; readonly investmentStakeholders: "leads"; ... 11 more ...; readonly conciergeSelections: "concierge_selections"; }'.
lib/services/ClosingSimulator.ts(23,40): error TS2339: Property 'stakeholders' does not exist on type '{ readonly portfolioAssets: "listings"; readonly projects: "projects"; readonly developers: "developers"; readonly mediaAssets: "mediaAssets"; readonly investmentStakeholders: "leads"; ... 11 more ...; readonly conciergeSelections: "concierge_selections"; }'.
lib/services/ClosingSimulator.ts(24,40): error TS2339: Property 'units' does not exist on type '{ readonly portfolioAssets: "listings"; readonly projects: "projects"; readonly developers: "developers"; readonly mediaAssets: "mediaAssets"; readonly investmentStakeholders: "leads"; ... 11 more ...; readonly conciergeSelections: "concierge_selections"; }'.
lib/services/feedback-engine.ts(18,40): error TS2339: Property 'stakeholders' does not exist on type '{ readonly portfolioAssets: "listings"; readonly projects: "projects"; readonly developers: "developers"; readonly mediaAssets: "mediaAssets"; readonly investmentStakeholders: "leads"; ... 11 more ...; readonly conciergeSelections: "concierge_selections"; }'.
lib/services/feedback-engine.ts(36,40): error TS2339: Property 'stakeholders' does not exist on type '{ readonly portfolioAssets: "listings"; readonly projects: "projects"; readonly developers: "developers"; readonly mediaAssets: "mediaAssets"; readonly investmentStakeholders: "leads"; ... 11 more ...; readonly conciergeSelections: "concierge_selections"; }'.
lib/services/feedback-engine.ts(56,50): error TS2339: Property 'stakeholders' does not exist on type '{ readonly portfolioAssets: "listings"; readonly projects: "projects"; readonly developers: "developers"; readonly mediaAssets: "mediaAssets"; readonly investmentStakeholders: "leads"; ... 11 more ...; readonly conciergeSelections: "concierge_selections"; }'.
lib/services/firestore-service.ts(145,86): error TS2339: Property 'units' does not exist on type '{ readonly portfolioAssets: "listings"; readonly projects: "projects"; readonly developers: "developers"; readonly mediaAssets: "mediaAssets"; readonly investmentStakeholders: "leads"; ... 11 more ...; readonly conciergeSelections: "concierge_selections"; }'.
lib/services/firestore-service.ts(146,48): error TS2339: Property 'units' does not exist on type '{ readonly portfolioAssets: "listings"; readonly projects: "projects"; readonly developers: "developers"; readonly mediaAssets: "mediaAssets"; readonly investmentStakeholders: "leads"; ... 11 more ...; readonly conciergeSelections: "concierge_selections"; }'.
lib/services/firestore-service.ts(147,98): error TS2339: Property 'units' does not exist on type '{ readonly portfolioAssets: "listings"; readonly projects: "projects"; readonly developers: "developers"; readonly mediaAssets: "mediaAssets"; readonly investmentStakeholders: "leads"; ... 11 more ...; readonly conciergeSelections: "concierge_selections"; }'.
lib/services/firestore-service.ts(148,54): error TS2339: Property 'units' does not exist on type '{ readonly portfolioAssets: "listings"; readonly projects: "projects"; readonly developers: "developers"; readonly mediaAssets: "mediaAssets"; readonly investmentStakeholders: "leads"; ... 11 more ...; readonly conciergeSelections: "concierge_selections"; }'.
lib/services/firestore-service.ts(149,62): error TS2339: Property 'units' does not exist on type '{ readonly portfolioAssets: "listings"; readonly projects: "projects"; readonly developers: "developers"; readonly mediaAssets: "mediaAssets"; readonly investmentStakeholders: "leads"; ... 11 more ...; readonly conciergeSelections: "concierge_selections"; }'.
lib/services/firestore-service.ts(151,39): error TS2339: Property 'units' does not exist on type '{ readonly portfolioAssets: "listings"; readonly projects: "projects"; readonly developers: "developers"; readonly mediaAssets: "mediaAssets"; readonly investmentStakeholders: "leads"; ... 11 more ...; readonly conciergeSelections: "concierge_selections"; }'.
lib/services/firestore-service.ts(175,86): error TS2339: Property 'stakeholders' does not exist on type '{ readonly portfolioAssets: "listings"; readonly projects: "projects"; readonly developers: "developers"; readonly mediaAssets: "mediaAssets"; readonly investmentStakeholders: "leads"; ... 11 more ...; readonly conciergeSelections: "concierge_selections"; }'.
lib/services/firestore-service.ts(176,48): error TS2339: Property 'stakeholders' does not exist on type '{ readonly portfolioAssets: "listings"; readonly projects: "projects"; readonly developers: "developers"; readonly mediaAssets: "mediaAssets"; readonly investmentStakeholders: "leads"; ... 11 more ...; readonly conciergeSelections: "concierge_selections"; }'.
lib/services/firestore-service.ts(177,98): error TS2339: Property 'stakeholders' does not exist on type '{ readonly portfolioAssets: "listings"; readonly projects: "projects"; readonly developers: "developers"; readonly mediaAssets: "mediaAssets"; readonly investmentStakeholders: "leads"; ... 11 more ...; readonly conciergeSelections: "concierge_selections"; }'.
lib/services/firestore-service.ts(178,54): error TS2339: Property 'stakeholders' does not exist on type '{ readonly portfolioAssets: "listings"; readonly projects: "projects"; readonly developers: "developers"; readonly mediaAssets: "mediaAssets"; readonly investmentStakeholders: "leads"; ... 11 more ...; readonly conciergeSelections: "concierge_selections"; }'.
lib/services/firestore-service.ts(179,62): error TS2339: Property 'stakeholders' does not exist on type '{ readonly portfolioAssets: "listings"; readonly projects: "projects"; readonly developers: "developers"; readonly mediaAssets: "mediaAssets"; readonly investmentStakeholders: "leads"; ... 11 more ...; readonly conciergeSelections: "concierge_selections"; }'.
lib/services/firestore-service.ts(181,39): error TS2339: Property 'stakeholders' does not exist on type '{ readonly portfolioAssets: "listings"; readonly projects: "projects"; readonly developers: "developers"; readonly mediaAssets: "mediaAssets"; readonly investmentStakeholders: "leads"; ... 11 more ...; readonly conciergeSelections: "concierge_selections"; }'.
lib/services/handoff-service.ts(28,57): error TS2339: Property 'stakeholders' does not exist on type '{ readonly portfolioAssets: "listings"; readonly projects: "projects"; readonly developers: "developers"; readonly mediaAssets: "mediaAssets"; readonly investmentStakeholders: "leads"; ... 11 more ...; readonly conciergeSelections: "concierge_selections"; }'.
lib/services/handoff-service.ts(37,59): error TS2339: Property 'units' does not exist on type '{ readonly portfolioAssets: "listings"; readonly projects: "projects"; readonly developers: "developers"; readonly mediaAssets: "mediaAssets"; readonly investmentStakeholders: "leads"; ... 11 more ...; readonly conciergeSelections: "concierge_selections"; }'.
lib/services/handoff-service.ts(63,40): error TS2339: Property 'stakeholders' does not exist on type '{ readonly portfolioAssets: "listings"; readonly projects: "projects"; readonly developers: "developers"; readonly mediaAssets: "mediaAssets"; readonly investmentStakeholders: "leads"; ... 11 more ...; readonly conciergeSelections: "concierge_selections"; }'.
lib/services/InventoryService.ts(27,58): error TS2339: Property 'units' does not exist on type '{ readonly portfolioAssets: "listings"; readonly projects: "projects"; readonly developers: "developers"; readonly mediaAssets: "mediaAssets"; readonly investmentStakeholders: "leads"; ... 11 more ...; readonly conciergeSelections: "concierge_selections"; }'.
lib/services/InventoryService.ts(35,48): error TS2339: Property 'units' does not exist on type '{ readonly portfolioAssets: "listings"; readonly projects: "projects"; readonly developers: "developers"; readonly mediaAssets: "mediaAssets"; readonly investmentStakeholders: "leads"; ... 11 more ...; readonly conciergeSelections: "concierge_selections"; }'.
lib/services/matching-engine.ts(25,57): error TS2339: Property 'stakeholders' does not exist on type '{ readonly portfolioAssets: "listings"; readonly projects: "projects"; readonly developers: "developers"; readonly mediaAssets: "mediaAssets"; readonly investmentStakeholders: "leads"; ... 11 more ...; readonly conciergeSelections: "concierge_selections"; }'.
lib/services/matching-engine.ts(31,58): error TS2339: Property 'units' does not exist on type '{ readonly portfolioAssets: "listings"; readonly projects: "projects"; readonly developers: "developers"; readonly mediaAssets: "mediaAssets"; readonly investmentStakeholders: "leads"; ... 11 more ...; readonly conciergeSelections: "concierge_selections"; }'.
lib/services/matching-engine.ts(45,40): error TS2339: Property 'stakeholders' does not exist on type '{ readonly portfolioAssets: "listings"; readonly projects: "projects"; readonly developers: "developers"; readonly mediaAssets: "mediaAssets"; readonly investmentStakeholders: "leads"; ... 11 more ...; readonly conciergeSelections: "concierge_selections"; }'.
lib/services/matching-engine.ts(75,57): error TS2339: Property 'units' does not exist on type '{ readonly portfolioAssets: "listings"; readonly projects: "projects"; readonly developers: "developers"; readonly mediaAssets: "mediaAssets"; readonly investmentStakeholders: "leads"; ... 11 more ...; readonly conciergeSelections: "concierge_selections"; }'.
lib/services/matching-engine.ts(79,58): error TS2339: Property 'stakeholders' does not exist on type '{ readonly portfolioAssets: "listings"; readonly projects: "projects"; readonly developers: "developers"; readonly mediaAssets: "mediaAssets"; readonly investmentStakeholders: "leads"; ... 11 more ...; readonly conciergeSelections: "concierge_selections"; }'.
lib/services/matching-engine.ts(92,44): error TS2339: Property 'stakeholders' does not exist on type '{ readonly portfolioAssets: "listings"; readonly projects: "projects"; readonly developers: "developers"; readonly mediaAssets: "mediaAssets"; readonly investmentStakeholders: "leads"; ... 11 more ...; readonly conciergeSelections: "concierge_selections"; }'.
lib/services/matching-engine.ts(206,57): error TS2339: Property 'stakeholders' does not exist on type '{ readonly portfolioAssets: "listings"; readonly projects: "projects"; readonly developers: "developers"; readonly mediaAssets: "mediaAssets"; readonly investmentStakeholders: "leads"; ... 11 more ...; readonly conciergeSelections: "concierge_selections"; }'.
lib/services/matching-engine.ts(216,59): error TS2339: Property 'units' does not exist on type '{ readonly portfolioAssets: "listings"; readonly projects: "projects"; readonly developers: "developers"; readonly mediaAssets: "mediaAssets"; readonly investmentStakeholders: "leads"; ... 11 more ...; readonly conciergeSelections: "concierge_selections"; }'.
lib/services/memory-service.ts(16,52): error TS2339: Property 'stakeholders' does not exist on type '{ readonly portfolioAssets: "listings"; readonly projects: "projects"; readonly developers: "developers"; readonly mediaAssets: "mediaAssets"; readonly investmentStakeholders: "leads"; ... 11 more ...; readonly conciergeSelections: "concierge_selections"; }'.
lib/services/nexus-agent.ts(99,55): error TS2339: Property 'stakeholders' does not exist on type '{ readonly portfolioAssets: "listings"; readonly projects: "projects"; readonly developers: "developers"; readonly mediaAssets: "mediaAssets"; readonly investmentStakeholders: "leads"; ... 11 more ...; readonly conciergeSelections: "concierge_selections"; }'.
lib/services/PFIntegrationService.ts(70,37): error TS2339: Property 'searchPortfolioAssets' does not exist on type 'PropertyFinderClient'.
lib/services/PFIntegrationService.ts(107,44): error TS7006: Parameter 'i' implicitly has an 'any' type.
lib/services/PFIntegrationService.ts(152,35): error TS2339: Property 'createPortfolioAsset' does not exist on type 'PropertyFinderClient'.
lib/services/PFIntegrationService.ts(162,22): error TS2339: Property 'publishPortfolioAsset' does not exist on type 'PropertyFinderClient'.
lib/services/portfolio-engine.ts(46,57): error TS2339: Property 'stakeholders' does not exist on type '{ readonly portfolioAssets: "listings"; readonly projects: "projects"; readonly developers: "developers"; readonly mediaAssets: "mediaAssets"; readonly investmentStakeholders: "leads"; ... 11 more ...; readonly conciergeSelections: "concierge_selections"; }'.
lib/services/portfolio-engine.ts(65,59): error TS2339: Property 'units' does not exist on type '{ readonly portfolioAssets: "listings"; readonly projects: "projects"; readonly developers: "developers"; readonly mediaAssets: "mediaAssets"; readonly investmentStakeholders: "leads"; ... 11 more ...; readonly conciergeSelections: "concierge_selections"; }'.
lib/services/portfolio-engine.ts(127,40): error TS2339: Property 'stakeholders' does not exist on type '{ readonly portfolioAssets: "listings"; readonly projects: "projects"; readonly developers: "developers"; readonly mediaAssets: "mediaAssets"; readonly investmentStakeholders: "leads"; ... 11 more ...; readonly conciergeSelections: "concierge_selections"; }'.
lib/services/portfolio-engine.ts(222,40): error TS2339: Property 'stakeholders' does not exist on type '{ readonly portfolioAssets: "listings"; readonly projects: "projects"; readonly developers: "developers"; readonly mediaAssets: "mediaAssets"; readonly investmentStakeholders: "leads"; ... 11 more ...; readonly conciergeSelections: "concierge_selections"; }'.
lib/services/profiling-service.ts(183,50): error TS2339: Property 'stakeholders' does not exist on type '{ readonly portfolioAssets: "listings"; readonly projects: "projects"; readonly developers: "developers"; readonly mediaAssets: "mediaAssets"; readonly investmentStakeholders: "leads"; ... 11 more ...; readonly conciergeSelections: "concierge_selections"; }'.
lib/services/sales-engine.ts(17,57): error TS2339: Property 'stakeholders' does not exist on type '{ readonly portfolioAssets: "listings"; readonly projects: "projects"; readonly developers: "developers"; readonly mediaAssets: "mediaAssets"; readonly investmentStakeholders: "leads"; ... 11 more ...; readonly conciergeSelections: "concierge_selections"; }'.
lib/services/sales-engine.ts(31,59): error TS2339: Property 'units' does not exist on type '{ readonly portfolioAssets: "listings"; readonly projects: "projects"; readonly developers: "developers"; readonly mediaAssets: "mediaAssets"; readonly investmentStakeholders: "leads"; ... 11 more ...; readonly conciergeSelections: "concierge_selections"; }'.
lib/services/sales-engine.ts(98,57): error TS2339: Property 'stakeholders' does not exist on type '{ readonly portfolioAssets: "listings"; readonly projects: "projects"; readonly developers: "developers"; readonly mediaAssets: "mediaAssets"; readonly investmentStakeholders: "leads"; ... 11 more ...; readonly conciergeSelections: "concierge_selections"; }'.
lib/services/sales-engine.ts(112,40): error TS2339: Property 'stakeholders' does not exist on type '{ readonly portfolioAssets: "listings"; readonly projects: "projects"; readonly developers: "developers"; readonly mediaAssets: "mediaAssets"; readonly investmentStakeholders: "leads"; ... 11 more ...; readonly conciergeSelections: "concierge_selections"; }'.
lib/services/sales-engine.ts(176,40): error TS2339: Property 'stakeholders' does not exist on type '{ readonly portfolioAssets: "listings"; readonly projects: "projects"; readonly developers: "developers"; readonly mediaAssets: "mediaAssets"; readonly investmentStakeholders: "leads"; ... 11 more ...; readonly conciergeSelections: "concierge_selections"; }'.
lib/services/SheetsIntegrationService.ts(39,62): error TS2339: Property 'units' does not exist on type '{ readonly portfolioAssets: "listings"; readonly projects: "projects"; readonly developers: "developers"; readonly mediaAssets: "mediaAssets"; readonly investmentStakeholders: "leads"; ... 11 more ...; readonly conciergeSelections: "concierge_selections"; }'.
lib/services/skill-loader.ts(49,61): error TS2339: Property 'stakeholders' does not exist on type '{ readonly portfolioAssets: "listings"; readonly projects: "projects"; readonly developers: "developers"; readonly mediaAssets: "mediaAssets"; readonly investmentStakeholders: "leads"; ... 11 more ...; readonly conciergeSelections: "concierge_selections"; }'.
lib/services/skill-loader.ts(86,50): error TS2339: Property 'units' does not exist on type '{ readonly portfolioAssets: "listings"; readonly projects: "projects"; readonly developers: "developers"; readonly mediaAssets: "mediaAssets"; readonly investmentStakeholders: "leads"; ... 11 more ...; readonly conciergeSelections: "concierge_selections"; }'.
lib/services/skill-loader.ts(113,44): error TS2339: Property 'units' does not exist on type '{ readonly portfolioAssets: "listings"; readonly projects: "projects"; readonly developers: "developers"; readonly mediaAssets: "mediaAssets"; readonly investmentStakeholders: "leads"; ... 11 more ...; readonly conciergeSelections: "concierge_selections"; }'.
lib/services/skill-loader.ts(114,44): error TS2339: Property 'stakeholders' does not exist on type '{ readonly portfolioAssets: "listings"; readonly projects: "projects"; readonly developers: "developers"; readonly mediaAssets: "mediaAssets"; readonly investmentStakeholders: "leads"; ... 11 more ...; readonly conciergeSelections: "concierge_selections"; }'.
lib/services/skill-loader.ts(176,48): error TS2339: Property 'stakeholders' does not exist on type '{ readonly portfolioAssets: "listings"; readonly projects: "projects"; readonly developers: "developers"; readonly mediaAssets: "mediaAssets"; readonly investmentStakeholders: "leads"; ... 11 more ...; readonly conciergeSelections: "concierge_selections"; }'.
lib/services/skill-loader.ts(203,61): error TS2339: Property 'units' does not exist on type '{ readonly portfolioAssets: "listings"; readonly projects: "projects"; readonly developers: "developers"; readonly mediaAssets: "mediaAssets"; readonly investmentStakeholders: "leads"; ... 11 more ...; readonly conciergeSelections: "concierge_selections"; }'.
lib/services/telegram-controller.ts(74,57): error TS2339: Property 'units' does not exist on type '{ readonly portfolioAssets: "listings"; readonly projects: "projects"; readonly developers: "developers"; readonly mediaAssets: "mediaAssets"; readonly investmentStakeholders: "leads"; ... 11 more ...; readonly conciergeSelections: "concierge_selections"; }'.
lib/services/telegram-controller.ts(95,61): error TS2339: Property 'stakeholders' does not exist on type '{ readonly portfolioAssets: "listings"; readonly projects: "projects"; readonly developers: "developers"; readonly mediaAssets: "mediaAssets"; readonly investmentStakeholders: "leads"; ... 11 more ...; readonly conciergeSelections: "concierge_selections"; }'.
lib/services/telegram-controller.ts(116,50): error TS2339: Property 'stakeholders' does not exist on type '{ readonly portfolioAssets: "listings"; readonly projects: "projects"; readonly developers: "developers"; readonly mediaAssets: "mediaAssets"; readonly investmentStakeholders: "leads"; ... 11 more ...; readonly conciergeSelections: "concierge_selections"; }'.
lib/services/telegram-controller.ts(128,49): error TS2345: Argument of type '"stakeholders"' is not assignable to parameter of type '"projects" | "developers" | "mediaAssets" | "sales" | "activities" | "users" | "syncQueue" | "syncLog" | "vouchers" | "proposals" | "viewings" | "intelligence" | "brokerListings" | "conciergeSelections" | "portfolioAssets" | "investmentStakeholders" | "strategicPipeline"'.
lib/services/viewing-engine.ts(34,40): error TS2339: Property 'stakeholders' does not exist on type '{ readonly portfolioAssets: "listings"; readonly projects: "projects"; readonly developers: "developers"; readonly mediaAssets: "mediaAssets"; readonly investmentStakeholders: "leads"; ... 11 more ...; readonly conciergeSelections: "concierge_selections"; }'.
lib/services/viewing-engine.ts(64,40): error TS2339: Property 'stakeholders' does not exist on type '{ readonly portfolioAssets: "listings"; readonly projects: "projects"; readonly developers: "developers"; readonly mediaAssets: "mediaAssets"; readonly investmentStakeholders: "leads"; ... 11 more ...; readonly conciergeSelections: "concierge_selections"; }'.
lib/services/WealthService.ts(16,46): error TS2339: Property 'getFeaturedListings' does not exist on type '{ getProperty(id: string): Promise<Property | null>; getFeaturedPortfolioAssets(count?: number, market?: "egypt" | "uae" | undefined): Promise<Property[]>; }'.
lib/services/WealthService.ts(19,28): error TS7006: Parameter 'asset' implicitly has an 'any' type.
