app/api/sync/route.ts(71,35): error TS2339: Property 'data' does not exist on type '{ results: PFListing[]; pagination: any; }'.
backend-integration/app/api/property-finder/route.ts(29,45): error TS2339: Property 'fetchInvestmentStakeholderRegistry' does not exist on type 'PropertyFinderClient'.
backend-integration/app/api/property-finder/route.ts(33,42): error TS2339: Property 'getAmenities' does not exist on type 'PropertyFinderClient'.
backend-integration/app/api/property-finder/route.ts(103,49): error TS2345: Argument of type 'string' is not assignable to parameter of type 'number'.
backend-integration/app/api/property-finder/route.ts(121,34): error TS2345: Argument of type 'string' is not assignable to parameter of type 'number'.
backend-integration/app/api/sync/route.ts(71,35): error TS2339: Property 'data' does not exist on type '{ results: PFListing[]; pagination: any; }'.
backend-integration/lib/agents/closer.ts(18,39): error TS2345: Argument of type '"listings" | "leads" | "broker_listings" | "proposals" | "sales" | "projects" | "developers" | "mediaAssets" | "activities" | "users" | "syncQueue" | "syncLog" | "vouchers" | "viewings" | "intelligence" | "concierge_selections" | { ...; }' is not assignable to parameter of type 'string'.
  Type '{ readonly EGYPT: "egypt"; readonly UAE: "uae"; }' is not assignable to type 'string'.
backend-integration/lib/agents/curator.ts(19,39): error TS2345: Argument of type '"listings" | "leads" | "broker_listings" | "proposals" | "sales" | "projects" | "developers" | "mediaAssets" | "activities" | "users" | "syncQueue" | "syncLog" | "vouchers" | "viewings" | "intelligence" | "concierge_selections" | { ...; }' is not assignable to parameter of type 'string'.
  Type '{ readonly EGYPT: "egypt"; readonly UAE: "uae"; }' is not assignable to type 'string'.
backend-integration/lib/agents/matchmaker.ts(21,39): error TS2345: Argument of type '"listings" | "leads" | "broker_listings" | "proposals" | "sales" | "projects" | "developers" | "mediaAssets" | "activities" | "users" | "syncQueue" | "syncLog" | "vouchers" | "viewings" | "intelligence" | "concierge_selections" | { ...; }' is not assignable to parameter of type 'string'.
  Type '{ readonly EGYPT: "egypt"; readonly UAE: "uae"; }' is not assignable to type 'string'.
backend-integration/lib/agents/scribe.ts(19,39): error TS2345: Argument of type '"listings" | "leads" | "broker_listings" | "proposals" | "sales" | "projects" | "developers" | "mediaAssets" | "activities" | "users" | "syncQueue" | "syncLog" | "vouchers" | "viewings" | "intelligence" | "concierge_selections" | { ...; }' is not assignable to parameter of type 'string'.
  Type '{ readonly EGYPT: "egypt"; readonly UAE: "uae"; }' is not assignable to type 'string'.
backend-integration/lib/auth-guard.ts(12,27): error TS2307: Cannot find module './firebase-admin' or its corresponding type declarations.
backend-integration/lib/server/google-ai.ts(34,9): error TS7023: 'generateContent' implicitly has return type 'any' because it does not have a return type annotation and is referenced directly or indirectly in one of its return expressions.
backend-integration/lib/server/google-ai.ts(81,9): error TS7023: 'chatCompletions' implicitly has return type 'any' because it does not have a return type annotation and is referenced directly or indirectly in one of its return expressions.
backend-integration/lib/server/google-ai.ts(87,73): error TS7024: Function implicitly has return type 'any' because it does not have a return type annotation and is referenced directly or indirectly in one of its return expressions.
backend-integration/lib/services/orchestrator.ts(36,39): error TS2345: Argument of type '"listings" | "leads" | "broker_listings" | "proposals" | "sales" | "projects" | "developers" | "mediaAssets" | "activities" | "users" | "syncQueue" | "syncLog" | "vouchers" | "viewings" | "intelligence" | "concierge_selections" | { ...; }' is not assignable to parameter of type 'string'.
  Type '{ readonly EGYPT: "egypt"; readonly UAE: "uae"; }' is not assignable to type 'string'.
backend-integration/lib/services/orchestrator.ts(146,39): error TS2345: Argument of type '"listings" | "leads" | "broker_listings" | "proposals" | "sales" | "projects" | "developers" | "mediaAssets" | "activities" | "users" | "syncQueue" | "syncLog" | "vouchers" | "viewings" | "intelligence" | "concierge_selections" | { ...; }' is not assignable to parameter of type 'string'.
  Type '{ readonly EGYPT: "egypt"; readonly UAE: "uae"; }' is not assignable to type 'string'.
backend-integration/lib/services/orchestrator.ts(167,39): error TS2345: Argument of type '"listings" | "leads" | "broker_listings" | "proposals" | "sales" | "projects" | "developers" | "mediaAssets" | "activities" | "users" | "syncQueue" | "syncLog" | "vouchers" | "viewings" | "intelligence" | "concierge_selections" | { ...; }' is not assignable to parameter of type 'string'.
  Type '{ readonly EGYPT: "egypt"; readonly UAE: "uae"; }' is not assignable to type 'string'.
backend-integration/lib/services/WealthService.ts(21,15): error TS2322: Type '{ title: string; price: number; location: string; propertyType: any; area: number; category: "commercial" | "residential"; market: "egypt" | "uae"; ownerType: "broker" | "internal" | "owner"; ... 8 more ...; description?: string; }' is not assignable to type 'Unit'.
  Types of property 'finishingType' are incompatible.
    Type 'string | undefined' is not assignable to type '"fully-finished" | "semi-finished" | "core-shell" | "not-finished" | undefined'.
      Type 'string' is not assignable to type '"fully-finished" | "semi-finished" | "core-shell" | "not-finished" | undefined'.
backend-integration/lib/services/WealthService.ts(47,5): error TS2322: Type '(Property | { financials: FinancialAnalysis; id: string; title: string; propertyType: string; category: "commercial" | "residential"; status: string; market: "egypt" | "uae"; ... 10 more ...; description?: string | undefined; })[]' is not assignable to type 'IntelligentAsset[]'.
  Type 'Property | { financials: FinancialAnalysis; id: string; title: string; propertyType: string; category: "commercial" | "residential"; status: string; market: "egypt" | "uae"; ... 10 more ...; description?: string | undefined; }' is not assignable to type 'IntelligentAsset'.
    Type 'Property' is missing the following properties from type 'IntelligentAsset': roi, yield, tags, intelligenceScore, reasoning
hooks/sierra-blue/pf.ts(99,27): error TS2345: Argument of type 'QueryFieldFilterConstraint' is not assignable to parameter of type 'QueryOrderByConstraint'.
  Types of property 'type' are incompatible.
    Type '"where"' is not assignable to type '"orderBy"'.
hooks/sierra-blue/pf.ts(103,27): error TS2345: Argument of type 'QueryFieldFilterConstraint' is not assignable to parameter of type 'QueryOrderByConstraint'.
  Types of property 'type' are incompatible.
    Type '"where"' is not assignable to type '"orderBy"'.
hooks/sierra-blue/pf.ts(213,47): error TS2307: Cannot find module './property-finder' or its corresponding type declarations.
hooks/sierra-blue/pf.ts(214,56): error TS2307: Cannot find module './property-finder' or its corresponding type declarations.
hooks/sierra-blue/pf.ts(277,48): error TS2339: Property 'syncedToPF' does not exist on type 'ListingWithAnalytics'.
hooks/sierra-blue/pf.ts(278,49): error TS2339: Property 'syncedToPF' does not exist on type 'ListingWithAnalytics'.
hooks/sierra-blue/pf.ts(279,48): error TS2339: Property 'dealStatus' does not exist on type 'ListingWithAnalytics'.
lib/auth-guard.ts(12,27): error TS2307: Cannot find module './firebase-admin' or its corresponding type declarations.
lib/server/google-ai.ts(34,9): error TS7023: 'generateContent' implicitly has return type 'any' because it does not have a return type annotation and is referenced directly or indirectly in one of its return expressions.
lib/server/google-ai.ts(81,9): error TS7023: 'chatCompletions' implicitly has return type 'any' because it does not have a return type annotation and is referenced directly or indirectly in one of its return expressions.
lib/server/google-ai.ts(87,73): error TS7024: Function implicitly has return type 'any' because it does not have a return type annotation and is referenced directly or indirectly in one of its return expressions.
lib/services/PropertyFinderService.ts(94,34): error TS2339: Property 'reference_number' does not exist on type 'PFListing'.
lib/services/WealthService.ts(16,73): error TS2554: Expected 0-1 arguments, but got 2.
lib/services/WealthService.ts(28,27): error TS2339: Property 'category' does not exist on type 'Property'.
lib/services/WealthService.ts(29,11): error TS2353: Object literal may only specify known properties, and 'market' does not exist in type 'Unit'.
lib/services/WealthService.ts(29,25): error TS2339: Property 'market' does not exist on type 'Property'.
lib/services/WealthService.ts(30,28): error TS2339: Property 'ownerType' does not exist on type 'Property'.
lib/services/WealthService.ts(47,5): error TS2322: Type '(Property | { financials: FinancialAnalysis; id: string; title: string; propertyType: string; status: string; compound: string; location: string; city: string; ... 6 more ...; description?: string | undefined; })[]' is not assignable to type 'IntelligentAsset[]'.
  Type 'Property | { financials: FinancialAnalysis; id: string; title: string; propertyType: string; status: string; compound: string; location: string; city: string; ... 6 more ...; description?: string | undefined; }' is not assignable to type 'IntelligentAsset'.
    Type 'Property' is missing the following properties from type 'IntelligentAsset': roi, yield, tags, intelligenceScore, reasoning
sierra-blue-pf-hooks-and-routes.ts(99,27): error TS2345: Argument of type 'QueryFieldFilterConstraint' is not assignable to parameter of type 'QueryOrderByConstraint'.
  Types of property 'type' are incompatible.
    Type '"where"' is not assignable to type '"orderBy"'.
sierra-blue-pf-hooks-and-routes.ts(103,27): error TS2345: Argument of type 'QueryFieldFilterConstraint' is not assignable to parameter of type 'QueryOrderByConstraint'.
  Types of property 'type' are incompatible.
    Type '"where"' is not assignable to type '"orderBy"'.
sierra-blue-pf-hooks-and-routes.ts(213,47): error TS2307: Cannot find module './property-finder' or its corresponding type declarations.
sierra-blue-pf-hooks-and-routes.ts(214,56): error TS2307: Cannot find module './property-finder' or its corresponding type declarations.
sierra-blue-pf-hooks-and-routes.ts(277,48): error TS2339: Property 'syncedToPF' does not exist on type 'ListingWithAnalytics'.
sierra-blue-pf-hooks-and-routes.ts(278,49): error TS2339: Property 'syncedToPF' does not exist on type 'ListingWithAnalytics'.
sierra-blue-pf-hooks-and-routes.ts(279,48): error TS2339: Property 'dealStatus' does not exist on type 'ListingWithAnalytics'.
skills/whatsapp-cloud-api/assets/boilerplate/nodejs/src/index.ts(1,21): error TS2307: Cannot find module 'express' or its corresponding type declarations.
skills/whatsapp-cloud-api/assets/boilerplate/nodejs/src/index.ts(2,20): error TS2307: Cannot find module 'dotenv' or its corresponding type declarations.
skills/whatsapp-cloud-api/assets/boilerplate/nodejs/src/index.ts(43,61): error TS7006: Parameter 'req' implicitly has an 'any' type.
skills/whatsapp-cloud-api/assets/boilerplate/nodejs/src/index.ts(43,66): error TS7006: Parameter 'res' implicitly has an 'any' type.
skills/whatsapp-cloud-api/assets/boilerplate/nodejs/src/index.ts(113,21): error TS7006: Parameter '_req' implicitly has an 'any' type.
skills/whatsapp-cloud-api/assets/boilerplate/nodejs/src/index.ts(113,27): error TS7006: Parameter 'res' implicitly has an 'any' type.
skills/whatsapp-cloud-api/assets/boilerplate/nodejs/src/webhook-handler.ts(2,49): error TS2307: Cannot find module 'express' or its corresponding type declarations.
