app/api/cron/sync-leads/route.ts(26,48): error TS2339: Property 'syncIncomingLeads' does not exist on type 'typeof PFIntegrationService'.
app/api/cron/sync-listings/route.ts(23,48): error TS2339: Property 'syncIncomingListings' does not exist on type 'typeof PFIntegrationService'.
app/api/property-finder/route.ts(79,24): error TS2551: Property 'unpublishPortfolioAsset' does not exist on type 'PropertyFinderClient'. Did you mean 'publishPortfolioAsset'?
app/api/property-finder/route.ts(103,35): error TS2551: Property 'updatePortfolioAsset' does not exist on type 'PropertyFinderClient'. Did you mean 'createPortfolioAsset'?
app/api/property-finder/route.ts(116,20): error TS2551: Property 'deletePortfolioAsset' does not exist on type 'PropertyFinderClient'. Did you mean 'createPortfolioAsset'?
app/api/sync/route.ts(75,56): error TS2339: Property 'syncIncomingLeads' does not exist on type 'typeof PFIntegrationService'.
app/api/sync/route.ts(76,61): error TS2339: Property 'syncIncomingListings' does not exist on type 'typeof PFIntegrationService'.
app/api/sync/route.ts(86,56): error TS2339: Property 'syncIncomingLeads' does not exist on type 'typeof PFIntegrationService'.
app/api/sync/route.ts(91,59): error TS2339: Property 'syncIncomingListings' does not exist on type 'typeof PFIntegrationService'.
app/page.tsx(247,33): error TS2551: Property 'titleAr' does not exist on type '{ id: string; title: string; location: string; price: string; beds: number; baths: number; sqft: string; badge: string; badgeColor: string; img: string; videoUrl: string | undefined; }'. Did you mean 'title'?
app/page.tsx(248,36): error TS2551: Property 'locationAr' does not exist on type '{ id: string; title: string; location: string; price: string; beds: number; baths: number; sqft: string; badge: string; badgeColor: string; img: string; videoUrl: string | undefined; }'. Did you mean 'location'?
backend-integration/app/api/cron/sync-leads/route.ts(26,48): error TS2339: Property 'syncIncomingLeads' does not exist on type 'typeof PFIntegrationService'.
backend-integration/app/api/property-finder/route.ts(54,50): error TS2339: Property 'syncIncomingLeads' does not exist on type 'typeof PFIntegrationService'.
backend-integration/app/api/property-finder/route.ts(63,50): error TS2339: Property 'syncIncomingListings' does not exist on type 'typeof PFIntegrationService'.
backend-integration/app/api/property-finder/route.ts(103,35): error TS2551: Property 'updatePortfolioAsset' does not exist on type 'PropertyFinderClient'. Did you mean 'createPortfolioAsset'?
backend-integration/app/api/property-finder/route.ts(121,20): error TS2551: Property 'deletePortfolioAsset' does not exist on type 'PropertyFinderClient'. Did you mean 'createPortfolioAsset'?
backend-integration/app/api/sync/route.ts(73,42): error TS2339: Property 'results' does not exist on type '{ data: PFListing[]; meta: any; }'.
backend-integration/lib/services/profiling-service.ts(186,40): error TS2307: Cannot find module '../models/schema' or its corresponding type declarations.
backend-integration/lib/services/WealthService.ts(48,13): error TS2322: Type 'string | undefined' is not assignable to type 'string'.
  Type 'undefined' is not assignable to type 'string'.
backend-integration/lib/services/WealthService.ts(61,13): error TS2322: Type 'string | undefined' is not assignable to type 'string'.
  Type 'undefined' is not assignable to type 'string'.
backend-integration/lib/services/WhatsAppParserService.ts(4,54): error TS2307: Cannot find module '../models/schema' or its corresponding type declarations.
backend-integration/lib/services/WhatsAppParserService.ts(111,100): error TS2307: Cannot find module '../models/schema' or its corresponding type declarations.
components/CRM/CRMKanban.tsx(171,6): error TS2552: Cannot find name 'motion'. Did you mean 'Option'?
components/CRM/CRMKanban.tsx(293,7): error TS2552: Cannot find name 'motion'. Did you mean 'Option'?
components/CRM/CRMKanban.tsx(576,39): error TS2345: Argument of type '{ created: any; updated: any; skipped: any; }' is not assignable to parameter of type 'string'.
components/CRM/CRMKanban.tsx(616,63): error TS2345: Argument of type '{ visible: number; total: number; }' is not assignable to parameter of type 'string'.
components/Operations/ImageLinkHub.tsx(184,21): error TS17001: JSX elements cannot have multiple attributes with the same name.
components/UI/CinematicHero.tsx(130,15): error TS2322: Type '{ hidden: { pathLength: number; opacity: number; }; visible: { pathLength: number; opacity: number; transition: { duration: number; ease: string; delay: number; }; }; }' is not assignable to type 'Variants'.
  Property 'visible' is incompatible with index signature.
    Type '{ pathLength: number; opacity: number; transition: { duration: number; ease: string; delay: number; }; }' is not assignable to type 'Variant'.
      Type '{ pathLength: number; opacity: number; transition: { duration: number; ease: string; delay: number; }; }' is not assignable to type 'TargetAndTransition'.
        Type '{ pathLength: number; opacity: number; transition: { duration: number; ease: string; delay: number; }; }' is not assignable to type '{ transition?: Transition<any> | undefined; transitionEnd?: ResolvedValues$1 | undefined; }'.
          Types of property 'transition' are incompatible.
            Type '{ duration: number; ease: string; delay: number; }' is not assignable to type 'Transition<any> | undefined'.
              Type '{ duration: number; ease: string; delay: number; }' is not assignable to type 'TransitionWithValueOverrides<any>'.
                Type '{ duration: number; ease: string; delay: number; }' is not assignable to type 'ValueAnimationTransition<any>'.
                  Types of property 'ease' are incompatible.
                    Type 'string' is not assignable to type 'Easing | Easing[] | undefined'.
